------------------------------------------------------------
Timing Analyzer Summary
------------------------------------------------------------

Type  : Slow 1100mV 85C Model Setup 'KEY[0]'
Slack : -0.218
TNS   : -0.432

Type  : Slow 1100mV 85C Model Hold 'KEY[0]'
Slack : 0.321
TNS   : 0.000

Type  : Slow 1100mV 85C Model Minimum Pulse Width 'KEY[0]'
Slack : -0.394
TNS   : -1.688

Type  : Slow 1100mV 0C Model Setup 'KEY[0]'
Slack : -0.142
TNS   : -0.281

Type  : Slow 1100mV 0C Model Hold 'KEY[0]'
Slack : 0.336
TNS   : 0.000

Type  : Slow 1100mV 0C Model Minimum Pulse Width 'KEY[0]'
Slack : -0.394
TNS   : -1.690

Type  : Fast 1100mV 85C Model Setup 'KEY[0]'
Slack : 0.263
TNS   : 0.000

Type  : Fast 1100mV 85C Model Hold 'KEY[0]'
Slack : 0.222
TNS   : 0.000

Type  : Fast 1100mV 85C Model Minimum Pulse Width 'KEY[0]'
Slack : -0.319
TNS   : -1.151

Type  : Fast 1100mV 0C Model Setup 'KEY[0]'
Slack : 0.325
TNS   : 0.000

Type  : Fast 1100mV 0C Model Hold 'KEY[0]'
Slack : 0.210
TNS   : 0.000

Type  : Fast 1100mV 0C Model Minimum Pulse Width 'KEY[0]'
Slack : -0.309
TNS   : -1.102

------------------------------------------------------------
